[     236ms] [LOG] Angular is running in development mode. @ http://localhost:4200/@fs/C:/MAP/frontend/.angular/cache/17.3.17/vite/deps/chunk-PCGAWVWW.js?v=6ba8af6b:17181
[     322ms] [ERROR] Failed to load resource: the server responded with a status of 404 (Not Found) @ http://localhost:4200/assets/map-logo.png:0
[  108349ms] [LOG] Angular is running in development mode. @ http://localhost:4200/@fs/C:/MAP/frontend/.angular/cache/17.3.17/vite/deps/chunk-PCGAWVWW.js?v=6ba8af6b:17181
[  108409ms] [ERROR] Failed to load resource: the server responded with a status of 404 (Not Found) @ http://localhost:4200/afavicon.ico:0
[  108567ms] [WARNING] NG0913: An image with src http://localhost:4200/assets/map-logo.png has intrinsic file dimensions much larger than its rendered size. This can negatively impact application loading performance. For more information about addressing or disabling this warning, see https://angular.io/errors/NG0913. Find more at https://angular.io/errors/NG0913 @ http://localhost:4200/@fs/C:/MAP/frontend/.angular/cache/17.3.17/vite/deps/chunk-PCGAWVWW.js?v=6ba8af6b:20391
[  110957ms] [LOG] Angular is running in development mode. @ http://localhost:4200/@fs/C:/MAP/frontend/.angular/cache/17.3.17/vite/deps/chunk-PCGAWVWW.js?v=6ba8af6b:17181
[  110992ms] [ERROR] Failed to load resource: the server responded with a status of 404 (Not Found) @ http://localhost:4200/assfavicon.ico:0
[  111169ms] [WARNING] NG0913: An image with src http://localhost:4200/assets/map-logo.png has intrinsic file dimensions much larger than its rendered size. This can negatively impact application loading performance. For more information about addressing or disabling this warning, see https://angular.io/errors/NG0913. Find more at https://angular.io/errors/NG0913 @ http://localhost:4200/@fs/C:/MAP/frontend/.angular/cache/17.3.17/vite/deps/chunk-PCGAWVWW.js?v=6ba8af6b:20391
[  114168ms] [LOG] Angular is running in development mode. @ http://localhost:4200/@fs/C:/MAP/frontend/.angular/cache/17.3.17/vite/deps/chunk-PCGAWVWW.js?v=6ba8af6b:17181
[  114201ms] [ERROR] Failed to load resource: the server responded with a status of 404 (Not Found) @ http://localhost:4200/asstsfavicon.ico:0
[  114401ms] [WARNING] NG0913: An image with src http://localhost:4200/assets/map-logo.png has intrinsic file dimensions much larger than its rendered size. This can negatively impact application loading performance. For more information about addressing or disabling this warning, see https://angular.io/errors/NG0913. Find more at https://angular.io/errors/NG0913 @ http://localhost:4200/@fs/C:/MAP/frontend/.angular/cache/17.3.17/vite/deps/chunk-PCGAWVWW.js?v=6ba8af6b:20391
[  117486ms] [LOG] Angular is running in development mode. @ http://localhost:4200/@fs/C:/MAP/frontend/.angular/cache/17.3.17/vite/deps/chunk-PCGAWVWW.js?v=6ba8af6b:17181
[  117523ms] [ERROR] Failed to load resource: the server responded with a status of 404 (Not Found) @ http://localhost:4200/assts/favicon.ico:0
[  117717ms] [WARNING] NG0913: An image with src http://localhost:4200/assets/map-logo.png has intrinsic file dimensions much larger than its rendered size. This can negatively impact application loading performance. For more information about addressing or disabling this warning, see https://angular.io/errors/NG0913. Find more at https://angular.io/errors/NG0913 @ http://localhost:4200/@fs/C:/MAP/frontend/.angular/cache/17.3.17/vite/deps/chunk-PCGAWVWW.js?v=6ba8af6b:20391
[  122186ms] [LOG] Angular is running in development mode. @ http://localhost:4200/@fs/C:/MAP/frontend/.angular/cache/17.3.17/vite/deps/chunk-PCGAWVWW.js?v=6ba8af6b:17181
[  122398ms] [WARNING] NG0913: An image with src http://localhost:4200/assets/map-logo.png has intrinsic file dimensions much larger than its rendered size. This can negatively impact application loading performance. For more information about addressing or disabling this warning, see https://angular.io/errors/NG0913. Find more at https://angular.io/errors/NG0913 @ http://localhost:4200/@fs/C:/MAP/frontend/.angular/cache/17.3.17/vite/deps/chunk-PCGAWVWW.js?v=6ba8af6b:20391
[  128708ms] [LOG] Angular is running in development mode. @ http://localhost:4200/@fs/C:/MAP/frontend/.angular/cache/17.3.17/vite/deps/chunk-PCGAWVWW.js?v=6ba8af6b:17181
[  128946ms] [WARNING] NG0913: An image with src http://localhost:4200/assets/map-logo.png has intrinsic file dimensions much larger than its rendered size. This can negatively impact application loading performance. For more information about addressing or disabling this warning, see https://angular.io/errors/NG0913. Find more at https://angular.io/errors/NG0913 @ http://localhost:4200/@fs/C:/MAP/frontend/.angular/cache/17.3.17/vite/deps/chunk-PCGAWVWW.js?v=6ba8af6b:20391
[  132630ms] [LOG] Angular is running in development mode. @ http://localhost:4200/@fs/C:/MAP/frontend/.angular/cache/17.3.17/vite/deps/chunk-PCGAWVWW.js?v=6ba8af6b:17181
[  132848ms] [WARNING] NG0913: An image with src http://localhost:4200/assets/map-logo.png has intrinsic file dimensions much larger than its rendered size. This can negatively impact application loading performance. For more information about addressing or disabling this warning, see https://angular.io/errors/NG0913. Find more at https://angular.io/errors/NG0913 @ http://localhost:4200/@fs/C:/MAP/frontend/.angular/cache/17.3.17/vite/deps/chunk-PCGAWVWW.js?v=6ba8af6b:20391
[  136553ms] [LOG] Angular is running in development mode. @ http://localhost:4200/@fs/C:/MAP/frontend/.angular/cache/17.3.17/vite/deps/chunk-PCGAWVWW.js?v=6ba8af6b:17181
[  136782ms] [WARNING] NG0913: An image with src http://localhost:4200/assets/map-logo.png has intrinsic file dimensions much larger than its rendered size. This can negatively impact application loading performance. For more information about addressing or disabling this warning, see https://angular.io/errors/NG0913. Find more at https://angular.io/errors/NG0913 @ http://localhost:4200/@fs/C:/MAP/frontend/.angular/cache/17.3.17/vite/deps/chunk-PCGAWVWW.js?v=6ba8af6b:20391
[  139653ms] [LOG] Angular is running in development mode. @ http://localhost:4200/@fs/C:/MAP/frontend/.angular/cache/17.3.17/vite/deps/chunk-PCGAWVWW.js?v=6ba8af6b:17181
[  139870ms] [WARNING] NG0913: An image with src http://localhost:4200/assets/map-logo.png has intrinsic file dimensions much larger than its rendered size. This can negatively impact application loading performance. For more information about addressing or disabling this warning, see https://angular.io/errors/NG0913. Find more at https://angular.io/errors/NG0913 @ http://localhost:4200/@fs/C:/MAP/frontend/.angular/cache/17.3.17/vite/deps/chunk-PCGAWVWW.js?v=6ba8af6b:20391
[  146881ms] [LOG] Angular is running in development mode. @ http://localhost:4200/@fs/C:/MAP/frontend/.angular/cache/17.3.17/vite/deps/chunk-PCGAWVWW.js?v=6ba8af6b:17181
[  147094ms] [WARNING] NG0913: An image with src http://localhost:4200/assets/map-logo.png has intrinsic file dimensions much larger than its rendered size. This can negatively impact application loading performance. For more information about addressing or disabling this warning, see https://angular.io/errors/NG0913. Find more at https://angular.io/errors/NG0913 @ http://localhost:4200/@fs/C:/MAP/frontend/.angular/cache/17.3.17/vite/deps/chunk-PCGAWVWW.js?v=6ba8af6b:20391
[  149573ms] [LOG] Angular is running in development mode. @ http://localhost:4200/@fs/C:/MAP/frontend/.angular/cache/17.3.17/vite/deps/chunk-PCGAWVWW.js?v=6ba8af6b:17181
[  149607ms] [ERROR] Failed to load resource: the server responded with a status of 404 (Not Found) @ http://localhost:4200/assts/maplogo.png:0
[  149793ms] [WARNING] NG0913: An image with src http://localhost:4200/assets/map-logo.png has intrinsic file dimensions much larger than its rendered size. This can negatively impact application loading performance. For more information about addressing or disabling this warning, see https://angular.io/errors/NG0913. Find more at https://angular.io/errors/NG0913 @ http://localhost:4200/@fs/C:/MAP/frontend/.angular/cache/17.3.17/vite/deps/chunk-PCGAWVWW.js?v=6ba8af6b:20391
[  162572ms] [LOG] Angular is running in development mode. @ http://localhost:4200/@fs/C:/MAP/frontend/.angular/cache/17.3.17/vite/deps/chunk-PCGAWVWW.js?v=6ba8af6b:17181
[  162791ms] [WARNING] NG0913: An image with src http://localhost:4200/assets/map-logo.png has intrinsic file dimensions much larger than its rendered size. This can negatively impact application loading performance. For more information about addressing or disabling this warning, see https://angular.io/errors/NG0913. Find more at https://angular.io/errors/NG0913 @ http://localhost:4200/@fs/C:/MAP/frontend/.angular/cache/17.3.17/vite/deps/chunk-PCGAWVWW.js?v=6ba8af6b:20391
[  389595ms] [LOG] Angular is running in development mode. @ http://localhost:4200/@fs/C:/MAP/frontend/.angular/cache/17.3.17/vite/deps/chunk-PCGAWVWW.js?v=6ba8af6b:17181
[  739823ms] [LOG] [vite] server connection lost. Polling for restart... @ http://localhost:4200/@vite/client:553
[  739881ms] [ERROR] Failed to load resource: net::ERR_NETWORK_IO_SUSPENDED @ http://localhost:4200/:0
[ 2265991ms] [LOG] Angular is running in development mode. @ http://localhost:4200/@fs/C:/MAP/frontend/.angular/cache/17.3.17/vite/deps/chunk-PCGAWVWW.js?v=6ba8af6b:17181
[ 2269363ms] [LOG] [vite] server connection lost. Polling for restart... @ http://localhost:4200/@vite/client:553
[ 2269389ms] [ERROR] Failed to load resource: net::ERR_NETWORK_IO_SUSPENDED @ http://localhost:4200/:0
[ 2816437ms] [LOG] Angular is running in development mode. @ http://localhost:4200/@fs/C:/MAP/frontend/.angular/cache/17.3.17/vite/deps/chunk-PCGAWVWW.js?v=6ba8af6b:17181
[ 3324592ms] [LOG] [vite] server connection lost. Polling for restart... @ http://localhost:4200/@vite/client:553
[ 3324635ms] [ERROR] Failed to load resource: net::ERR_NETWORK_IO_SUSPENDED @ http://localhost:4200/:0
[ 3341198ms] [LOG] Angular is running in development mode. @ http://localhost:4200/@fs/C:/MAP/frontend/.angular/cache/17.3.17/vite/deps/chunk-PCGAWVWW.js?v=6ba8af6b:17181
[ 3647246ms] [LOG] [vite] server connection lost. Polling for restart... @ http://localhost:4200/@vite/client:553
[ 3647324ms] [ERROR] Failed to load resource: net::ERR_NETWORK_IO_SUSPENDED @ http://localhost:4200/:0
[ 3796923ms] [LOG] Angular is running in development mode. @ http://localhost:4200/@fs/C:/MAP/frontend/.angular/cache/17.3.17/vite/deps/chunk-PCGAWVWW.js?v=6ba8af6b:17181
