[     125ms] [LOG] Angular is running in development mode. @ http://localhost:4200/@fs/C:/MAP/frontend/.angular/cache/17.3.17/vite/deps/chunk-PCGAWVWW.js?v=6ba8af6b:17181
[     189ms] [ERROR] Failed to load resource: the server responded with a status of 500 (Internal Server Error) @ http://localhost:4200/api/v1/categories:0
[     191ms] [ERROR] Failed to load resource: the server responded with a status of 500 (Internal Server Error) @ http://localhost:4200/api/v1/videos?page=1:0
[     194ms] [ERROR] ERROR HttpErrorResponse @ http://localhost:4200/@fs/C:/MAP/frontend/.angular/cache/17.3.17/vite/deps/chunk-PCGAWVWW.js?v=6ba8af6b:4135
[     195ms] [ERROR] ERROR HttpErrorResponse @ http://localhost:4200/@fs/C:/MAP/frontend/.angular/cache/17.3.17/vite/deps/chunk-PCGAWVWW.js?v=6ba8af6b:4135
[  942146ms] [LOG] Angular is running in development mode. @ http://localhost:4200/@fs/C:/MAP/frontend/.angular/cache/17.3.17/vite/deps/chunk-PCGAWVWW.js?v=6ba8af6b:17181
[  942205ms] [ERROR] Failed to load resource: the server responded with a status of 500 (Internal Server Error) @ http://localhost:4200/api/v1/categories:0
[  942207ms] [ERROR] Failed to load resource: the server responded with a status of 500 (Internal Server Error) @ http://localhost:4200/api/v1/videos?page=1:0
[  942209ms] [ERROR] ERROR HttpErrorResponse @ http://localhost:4200/@fs/C:/MAP/frontend/.angular/cache/17.3.17/vite/deps/chunk-PCGAWVWW.js?v=6ba8af6b:4135
[  942210ms] [ERROR] ERROR HttpErrorResponse @ http://localhost:4200/@fs/C:/MAP/frontend/.angular/cache/17.3.17/vite/deps/chunk-PCGAWVWW.js?v=6ba8af6b:4135
[ 1016263ms] [LOG] Angular is running in development mode. @ http://localhost:4200/@fs/C:/MAP/frontend/.angular/cache/17.3.17/vite/deps/chunk-PCGAWVWW.js?v=6ba8af6b:17181
[ 1016297ms] [ERROR] Failed to load resource: the server responded with a status of 500 (Internal Server Error) @ http://localhost:4200/api/v1/categories:0
[ 1016298ms] [ERROR] Failed to load resource: the server responded with a status of 500 (Internal Server Error) @ http://localhost:4200/api/v1/videos?page=1:0
[ 1016300ms] [ERROR] ERROR HttpErrorResponse @ http://localhost:4200/@fs/C:/MAP/frontend/.angular/cache/17.3.17/vite/deps/chunk-PCGAWVWW.js?v=6ba8af6b:4135
[ 1016301ms] [ERROR] ERROR HttpErrorResponse @ http://localhost:4200/@fs/C:/MAP/frontend/.angular/cache/17.3.17/vite/deps/chunk-PCGAWVWW.js?v=6ba8af6b:4135
[ 1027725ms] [LOG] Angular is running in development mode. @ http://localhost:4200/@fs/C:/MAP/frontend/.angular/cache/17.3.17/vite/deps/chunk-PCGAWVWW.js?v=6ba8af6b:17181
[ 1027757ms] [ERROR] Failed to load resource: the server responded with a status of 500 (Internal Server Error) @ http://localhost:4200/api/v1/categories:0
[ 1027759ms] [ERROR] Failed to load resource: the server responded with a status of 500 (Internal Server Error) @ http://localhost:4200/api/v1/videos?page=1:0
[ 1027760ms] [ERROR] ERROR HttpErrorResponse @ http://localhost:4200/@fs/C:/MAP/frontend/.angular/cache/17.3.17/vite/deps/chunk-PCGAWVWW.js?v=6ba8af6b:4135
[ 1027761ms] [ERROR] ERROR HttpErrorResponse @ http://localhost:4200/@fs/C:/MAP/frontend/.angular/cache/17.3.17/vite/deps/chunk-PCGAWVWW.js?v=6ba8af6b:4135
[ 1105801ms] [LOG] Angular is running in development mode. @ http://localhost:4200/@fs/C:/MAP/frontend/.angular/cache/17.3.17/vite/deps/chunk-PCGAWVWW.js?v=6ba8af6b:17181
[ 1105832ms] [ERROR] Failed to load resource: the server responded with a status of 500 (Internal Server Error) @ http://localhost:4200/api/v1/categories:0
[ 1105833ms] [ERROR] Failed to load resource: the server responded with a status of 500 (Internal Server Error) @ http://localhost:4200/api/v1/videos?page=1:0
[ 1105836ms] [ERROR] ERROR HttpErrorResponse @ http://localhost:4200/@fs/C:/MAP/frontend/.angular/cache/17.3.17/vite/deps/chunk-PCGAWVWW.js?v=6ba8af6b:4135
[ 1105837ms] [ERROR] ERROR HttpErrorResponse @ http://localhost:4200/@fs/C:/MAP/frontend/.angular/cache/17.3.17/vite/deps/chunk-PCGAWVWW.js?v=6ba8af6b:4135
[ 1129306ms] [LOG] Angular is running in development mode. @ http://localhost:4200/@fs/C:/MAP/frontend/.angular/cache/17.3.17/vite/deps/chunk-PCGAWVWW.js?v=6ba8af6b:17181
[ 1129342ms] [ERROR] Failed to load resource: the server responded with a status of 500 (Internal Server Error) @ http://localhost:4200/api/v1/categories:0
[ 1129343ms] [ERROR] Failed to load resource: the server responded with a status of 500 (Internal Server Error) @ http://localhost:4200/api/v1/videos?page=1:0
[ 1129350ms] [ERROR] ERROR HttpErrorResponse @ http://localhost:4200/@fs/C:/MAP/frontend/.angular/cache/17.3.17/vite/deps/chunk-PCGAWVWW.js?v=6ba8af6b:4135
[ 1212150ms] [LOG] Angular is running in development mode. @ http://localhost:4200/@fs/C:/MAP/frontend/.angular/cache/17.3.17/vite/deps/chunk-PCGAWVWW.js?v=6ba8af6b:17181
[ 1212178ms] [ERROR] Failed to load resource: the server responded with a status of 500 (Internal Server Error) @ http://localhost:4200/api/v1/categories:0
[ 1212180ms] [ERROR] Failed to load resource: the server responded with a status of 500 (Internal Server Error) @ http://localhost:4200/api/v1/videos?page=1:0
[ 1212183ms] [ERROR] ERROR HttpErrorResponse @ http://localhost:4200/@fs/C:/MAP/frontend/.angular/cache/17.3.17/vite/deps/chunk-PCGAWVWW.js?v=6ba8af6b:4135
[ 1268663ms] [LOG] Angular is running in development mode. @ http://localhost:4200/@fs/C:/MAP/frontend/.angular/cache/17.3.17/vite/deps/chunk-PCGAWVWW.js?v=6ba8af6b:17181
[ 1268699ms] [ERROR] Failed to load resource: the server responded with a status of 500 (Internal Server Error) @ http://localhost:4200/api/v1/categories:0
[ 1268702ms] [ERROR] Failed to load resource: the server responded with a status of 500 (Internal Server Error) @ http://localhost:4200/api/v1/videos?page=1:0
[ 1268706ms] [ERROR] ERROR HttpErrorResponse @ http://localhost:4200/@fs/C:/MAP/frontend/.angular/cache/17.3.17/vite/deps/chunk-PCGAWVWW.js?v=6ba8af6b:4135
[ 1295165ms] [LOG] Angular is running in development mode. @ http://localhost:4200/@fs/C:/MAP/frontend/.angular/cache/17.3.17/vite/deps/chunk-PCGAWVWW.js?v=6ba8af6b:17181
[ 1295190ms] [ERROR] Failed to load resource: the server responded with a status of 500 (Internal Server Error) @ http://localhost:4200/api/v1/categories:0
[ 1295191ms] [ERROR] Failed to load resource: the server responded with a status of 500 (Internal Server Error) @ http://localhost:4200/api/v1/videos?page=1:0
[ 1295194ms] [ERROR] ERROR HttpErrorResponse @ http://localhost:4200/@fs/C:/MAP/frontend/.angular/cache/17.3.17/vite/deps/chunk-PCGAWVWW.js?v=6ba8af6b:4135
[10226724ms] [VERBOSE] [DOM] Input elements should have autocomplete attributes (suggested: "current-password"): (More info: https://goo.gl/9p2vKq) %o @ http://localhost:4200/auth/login:0
[10239473ms] [ERROR] Failed to load resource: the server responded with a status of 500 (Internal Server Error) @ http://localhost:4200/api/v1/auth/login:0
[10246929ms] [VERBOSE] [DOM] Input elements should have autocomplete attributes (suggested: "current-password"): (More info: https://goo.gl/9p2vKq) %o @ http://localhost:4200/auth/register:0
[10284669ms] [ERROR] Failed to load resource: the server responded with a status of 500 (Internal Server Error) @ http://localhost:4200/api/v1/auth/register:0
[10312269ms] [ERROR] Failed to load resource: the server responded with a status of 500 (Internal Server Error) @ http://localhost:4200/api/v1/auth/register:0
