[    6847ms] [ERROR] Refused to get unsafe header "X-Sg-Cs" @ https://www.google.com/search?q=map&rlz=1C1GCEU_frMA1091MA1092&oq=map&gs_lcrp=EgZjaHJvbWUyBggAEEUYOTIKCAEQABjJAxiABDIHCAIQABiABDIGCAMQRRg9MgYIBBBFGD0yBggFEEUYPTIGCAYQRRg8MgYIBxAFGEDSAQgyMzExajBqN6gCALACAA&sourceid=chrome&ie=UTF-8:43
[    6847ms] [ERROR] Refused to get unsafe header "X-Sorry-Redirect" @ https://www.google.com/search?q=map&rlz=1C1GCEU_frMA1091MA1092&oq=map&gs_lcrp=EgZjaHJvbWUyBggAEEUYOTIKCAEQABjJAxiABDIHCAIQABiABDIGCAMQRRg9MgYIBBBFGD0yBggFEEUYPTIGCAYQRRg8MgYIBxAFGEDSAQgyMzExajBqN6gCALACAA&sourceid=chrome&ie=UTF-8:43
[    7953ms] [ERROR] Refused to get unsafe header "X-Sg-Cs" @ https://www.google.com/search?q=map&rlz=1C1GCEU_frMA1091MA1092&oq=map&gs_lcrp=EgZjaHJvbWUyBggAEEUYOTIKCAEQABjJAxiABDIHCAIQABiABDIGCAMQRRg9MgYIBBBFGD0yBggFEEUYPTIGCAYQRRg8MgYIBxAFGEDSAQgyMzExajBqN6gCALACAA&sourceid=chrome&ie=UTF-8:43
[    7953ms] [ERROR] Refused to get unsafe header "X-Sorry-Redirect" @ https://www.google.com/search?q=map&rlz=1C1GCEU_frMA1091MA1092&oq=map&gs_lcrp=EgZjaHJvbWUyBggAEEUYOTIKCAEQABjJAxiABDIHCAIQABiABDIGCAMQRRg9MgYIBBBFGD0yBggFEEUYPTIGCAYQRRg8MgYIBxAFGEDSAQgyMzExajBqN6gCALACAA&sourceid=chrome&ie=UTF-8:43
[    9056ms] [ERROR] Refused to get unsafe header "X-Sg-Cs" @ https://www.google.com/search?q=map&rlz=1C1GCEU_frMA1091MA1092&oq=map&gs_lcrp=EgZjaHJvbWUyBggAEEUYOTIKCAEQABjJAxiABDIHCAIQABiABDIGCAMQRRg9MgYIBBBFGD0yBggFEEUYPTIGCAYQRRg8MgYIBxAFGEDSAQgyMzExajBqN6gCALACAA&sourceid=chrome&ie=UTF-8:43
[    9056ms] [ERROR] Refused to get unsafe header "X-Sorry-Redirect" @ https://www.google.com/search?q=map&rlz=1C1GCEU_frMA1091MA1092&oq=map&gs_lcrp=EgZjaHJvbWUyBggAEEUYOTIKCAEQABjJAxiABDIHCAIQABiABDIGCAMQRRg9MgYIBBBFGD0yBggFEEUYPTIGCAYQRRg8MgYIBxAFGEDSAQgyMzExajBqN6gCALACAA&sourceid=chrome&ie=UTF-8:43
[    9841ms] [WARNING] Failed to execute 'postMessage' on 'DOMWindow': The target origin provided ('https://www.youtube.com') does not match the recipient window's origin ('https://www.google.com'). @ https://www.youtube.com/s/player/06cb0078/www-widgetapi.vflset/www-widgetapi.js:162
[    9846ms] [ERROR] Refused to get unsafe header "X-Sg-Cs" @ https://www.google.com/search?q=map&rlz=1C1GCEU_frMA1091MA1092&oq=map&gs_lcrp=EgZjaHJvbWUyBggAEEUYOTIKCAEQABjJAxiABDIHCAIQABiABDIGCAMQRRg9MgYIBBBFGD0yBggFEEUYPTIGCAYQRRg8MgYIBxAFGEDSAQgyMzExajBqN6gCALACAA&sourceid=chrome&ie=UTF-8:43
[    9846ms] [ERROR] Refused to get unsafe header "X-Sorry-Redirect" @ https://www.google.com/search?q=map&rlz=1C1GCEU_frMA1091MA1092&oq=map&gs_lcrp=EgZjaHJvbWUyBggAEEUYOTIKCAEQABjJAxiABDIHCAIQABiABDIGCAMQRRg9MgYIBBBFGD0yBggFEEUYPTIGCAYQRRg8MgYIBxAFGEDSAQgyMzExajBqN6gCALACAA&sourceid=chrome&ie=UTF-8:43
[   16923ms] [ERROR] TypeError: Cannot read properties of null (reading 'sendMessage')
    at mt.sendMessage (https://www.gstatic.com/og/_/js/k=og.asy.en_US.VGaP3jYi96I.2019.O/rt=j/m=_ac,_awd,ada,lldp,qads/exm=/d=1/ed=1/rs=AA2YrTubwlXFpkccNORkgnvC19QtaEqZ5Q:460:392)
    at mt.Pd (https://www.gstatic.com/og/_/js/k=og.asy.en_US.VGaP3jYi96I.2019.O/rt=j/m=_ac,_awd,ada,lldp,qads/exm=/d=1/ed=1/rs=AA2YrTubwlXFpkccNORkgnvC19QtaEqZ5Q:470:39)
    at X.C (https://www.gstatic.com/og/_/js/k=og.asy.en_US.VGaP3jYi96I.2019.O/rt=j/m=_ac,_awd,ada,lldp,qads/exm=/d=1/ed=1/rs=AA2YrTubwlXFpkccNORkgnvC19QtaEqZ5Q:530:320)
    at TNd (https://www.google.com/xjs/_/js/k=xjs.s.en_GB.JVfG241BEMg.2019.O/ck=xjs.s.PTFwFt8wdm8.L.B1.O/am=AAAQAAAAIAgAAAAAAAAAAACAAABEAAAAAAAAAAAAAAAAAAAAAAKAAAAABAAAAAAAAAAAACAAAAAAAAIAAACIAgAACAAAEAIgAAAAKAIAEAAAFAAAAAAEAAAAAAAAABTyAQQAMAAAAAAAwAOAAUAIAAAAAAAAAAAAAAECBCAAEgAAAAAAAAAAAgAAAAAgAAAAAAIAAAAADAAYAAACSAIAAAAqFAAAQAAAAIAAAAAAAAAAAABABIEAAACABEQAAAB_M98AAB4AAAAADgAAAAAAAAgAAAAAAAAAQAAAAAAYSKQBAAAAAAAAEAYWAAAAEAwAIBAAAQEQAAAAAAAAABAkAAIAIGAAgAAAAAgAAAAAAAAAgAAAglAIAIAAoAAEBAAABAAOAAEAAAAAEAAAAgEAAAAAgAAAAAIAEAQgBBAAAAAAAAQAAAAUgAAAAAA5AAAAAAAAAAgkABCAAAAjyAAAJAoCIAIAECCAAQAAIAIAAAAAKAAh4QcAARAAAAAAAOAEAAAAACAgAAAAAAkAAEsgEADAAAAAACAHwOMBOERQAAAAAAAAAAAAAAAAAAAAAAAAAAAEQAGMA8kvCIAAAAAAAAAAAAAAAAAAAAAAAAAAAAAAQIrwFAAAAAAAwNYAgA/d=0/dg=0/br=1/ujg=1/rs=ACT90oFAE6NG9XmXls3kOW1qLA5i3yhUTA/cb=loaded_h_0/m=sy1ri,d8nTDf,sy35n,sy35m,Kqhykb,CIZTGb,sy1rf,sy1rg,sy1rc,sy1rd,sy1ra,HIg7cd,sy103,QVaUhf,sy1rv,sy1ru,sy1rs,sy1rt,SJpD2c,eAR4Hf,sy63q,nN2e1e,kQvlef,sy3a4,WlNQGd,sy1x7,sy1y5,Tia57b,KpRAue,X8jtef,sy63r,OXpAmf,sy5ir,sy391,sy166,syvb,syp9,sy1wa,sy1w8,sy1wb,sy5iq,nRwWne,sy4on,sy4oj,sy4oe,sy4oa,sy4o9,sy4o7,UHgVpe,sy1xc,sy1xj,sy1xo,sy1y7,NyeqM,sy8rq,sy8lp,sy8ro,sy6y5,sy10i,sy10n,O63OXd,syjd,aLUfP,wQlYve,sy3on,sy2q3,sy11y,sy11z,sy11u,sy120,sy11t,sy121,sy11n,sy11m,sy11l,sy11o,sy122,sy123,sy11f,eZ9XOd,syy2,syy1,syy3,L1AAkb,sy156,sy157,YjTCDb,sy154,sy155,q00IXe,syj8,sy14q,BYwJlf,PGyklf,sy15c,sy15b,sy15a,sy158,sy14v,sy15f,Fh0l0,sy1n2,sy1n3,pzkXnb,sy14p,sy13b,FRLJrd,sy1n5,sy1n6,eBYPP,sy624,HYSCof,sy642,sHZ92c,VEbNoe,sy9t7,sy6wo,sy1xe,KSk4yc?cb=121509378&xjs=s3:58:174)
    at https://www.google.com/xjs/_/js/k=xjs.s.en_GB.JVfG241BEMg.2019.O/ck=xjs.s.PTFwFt8wdm8.L.B1.O/am=AAAQAAAAIAgAAAAAAAAAAACAAABEAAAAAAAAAAAAAAAAAAAAAAKAAAAABAAAAAAAAAAAACAAAAAAAAIAAACIAgAACAAAEAIgAAAAKAIAEAAAFAAAAAAEAAAAAAAAABTyAQQAMAAAAAAAwAOAAUAIAAAAAAAAAAAAAAECBCAAEgAAAAAAAAAAAgAAAAAgAAAAAAIAAAAADAAYAAACSAIAAAAqFAAAQAAAAIAAAAAAAAAAAABABIEAAACABEQAAAB_M98AAB4AAAAADgAAAAAAAAgAAAAAAAAAQAAAAAAYSKQBAAAAAAAAEAYWAAAAEAwAIBAAAQEQAAAAAAAAABAkAAIAIGAAgAAAAAgAAAAAAAAAgAAAglAIAIAAoAAEBAAABAAOAAEAAAAAEAAAAgEAAAAAgAAAAAIAEAQgBBAAAAAAAAQAAAAUgAAAAAA5AAAAAAAAAAgkABCAAAAjyAAAJAoCIAIAECCAAQAAIAIAAAAAKAAh4QcAARAAAAAAAOAEAAAAACAgAAAAAAkAAEsgEADAAAAAACAHwOMBOERQAAAAAAAAAAAAAAAAAAAAAAAAAAAEQAGMA8kvCIAAAAAAAAAAAAAAAAAAAAAAAAAAAAAAQIrwFAAAAAAAwNYAgA/d=0/dg=0/br=1/ujg=1/rs=ACT90oFAE6NG9XmXls3kOW1qLA5i3yhUTA/cb=loaded_h_0/m=sy1ri,d8nTDf,sy35n,sy35m,Kqhykb,CIZTGb,sy1rf,sy1rg,sy1rc,sy1rd,sy1ra,HIg7cd,sy103,QVaUhf,sy1rv,sy1ru,sy1rs,sy1rt,SJpD2c,eAR4Hf,sy63q,nN2e1e,kQvlef,sy3a4,WlNQGd,sy1x7,sy1y5,Tia57b,KpRAue,X8jtef,sy63r,OXpAmf,sy5ir,sy391,sy166,syvb,syp9,sy1wa,sy1w8,sy1wb,sy5iq,nRwWne,sy4on,sy4oj,sy4oe,sy4oa,sy4o9,sy4o7,UHgVpe,sy1xc,sy1xj,sy1xo,sy1y7,NyeqM,sy8rq,sy8lp,sy8ro,sy6y5,sy10i,sy10n,O63OXd,syjd,aLUfP,wQlYve,sy3on,sy2q3,sy11y,sy11z,sy11u,sy120,sy11t,sy121,sy11n,sy11m,sy11l,sy11o,sy122,sy123,sy11f,eZ9XOd,syy2,syy1,syy3,L1AAkb,sy156,sy157,YjTCDb,sy154,sy155,q00IXe,syj8,sy14q,BYwJlf,PGyklf,sy15c,sy15b,sy15a,sy158,sy14v,sy15f,Fh0l0,sy1n2,sy1n3,pzkXnb,sy14p,sy13b,FRLJrd,sy1n5,sy1n6,eBYPP,sy624,HYSCof,sy642,sHZ92c,VEbNoe,sy9t7,sy6wo,sy1xe,KSk4yc?cb=121509378&xjs=s3:59:62
    at https://www.google.com/xjs/_/js/k=xjs.s.en_GB.JVfG241BEMg.2019.O/ck=xjs.s.PTFwFt8wdm8.L.B1.O/am=AAAQAAAAIAgAAAAAAAAAAACAAABEAAAAAAAAAAAAAAAAAAAAAAKAAAAABAAAAAAAAAAAACAAAAAAAAIAAACIAgAACAAAEAIgAAAAKAIAEAAAFAAAAAAEAAAAAAAAABTyAQQAMAAAAAAAwAOAAUAIAAAAAAAAAAAAAAECBCAAEgAAAAAAAAAAAgAAAAAgAAAAAAIAAAAADAAYAAACSAIAAAAqFAAAQAAAAIAAAAAAAAAAAABABIEAAACABEQAAAB_M98AAB4AAAAADgAAAAAAAAgAAAAAAAAAQAAAAAAYSKQBAAAAAAAAEAYWAAAAEAwAIBAAAQEQAAAAAAAAABAkAAIAIGAAgAAAAAgAAAAAAAAAgAAAglAIAIAAoAAEBAAABAAOAAEAAAAAEAAAAgEAAAAAgAAAAAIAEAQgBBAAAAAAAAQAAAAUgAAAAAA5AAAAAAAAAAgkABCAAAAjyAAAJAoCIAIAECCAAQAAIAIAAAAAKAAh4QcAARAAAAAAAOAEAAAAACAgAAAAAAkAAEsgEADAAAAAACAHwOMBOERQAAAAAAAAAAAAAAAAAAAAAAAAAAAEQAGMA8kvCIAAAAAAAAAAAAAAAAAAAAAAAAAAAAAAQIrwFAAAAAAAwNYAgA/d=0/dg=0/br=1/ujg=1/rs=ACT90oFAE6NG9XmXls3kOW1qLA5i3yhUTA/cb=loaded_h_0/m=sy1ri,d8nTDf,sy35n,sy35m,Kqhykb,CIZTGb,sy1rf,sy1rg,sy1rc,sy1rd,sy1ra,HIg7cd,sy103,QVaUhf,sy1rv,sy1ru,sy1rs,sy1rt,SJpD2c,eAR4Hf,sy63q,nN2e1e,kQvlef,sy3a4,WlNQGd,sy1x7,sy1y5,Tia57b,KpRAue,X8jtef,sy63r,OXpAmf,sy5ir,sy391,sy166,syvb,syp9,sy1wa,sy1w8,sy1wb,sy5iq,nRwWne,sy4on,sy4oj,sy4oe,sy4oa,sy4o9,sy4o7,UHgVpe,sy1xc,sy1xj,sy1xo,sy1y7,NyeqM,sy8rq,sy8lp,sy8ro,sy6y5,sy10i,sy10n,O63OXd,syjd,aLUfP,wQlYve,sy3on,sy2q3,sy11y,sy11z,sy11u,sy120,sy11t,sy121,sy11n,sy11m,sy11l,sy11o,sy122,sy123,sy11f,eZ9XOd,syy2,syy1,syy3,L1AAkb,sy156,sy157,YjTCDb,sy154,sy155,q00IXe,syj8,sy14q,BYwJlf,PGyklf,sy15c,sy15b,sy15a,sy158,sy14v,sy15f,Fh0l0,sy1n2,sy1n3,pzkXnb,sy14p,sy13b,FRLJrd,sy1n5,sy1n6,eBYPP,sy624,HYSCof,sy642,sHZ92c,VEbNoe,sy9t7,sy6wo,sy1xe,KSk4yc?cb=121509378&xjs=s3:3:934
    at _.Nh.v (https://www.gstatic.com/og/_/js/k=og.asy.en_US.VGaP3jYi96I.2019.O/rt=j/m=_ac,_awd,ada,lldp,qads/exm=/d=1/ed=1/rs=AA2YrTubwlXFpkccNORkgnvC19QtaEqZ5Q:128:285)
    at Array.forEach (<anonymous>)
    at _.Wd (https://www.gstatic.com/og/_/js/k=og.asy.en_US.VGaP3jYi96I.2019.O/rt=j/m=_ac,_awd,ada,lldp,qads/exm=/d=1/ed=1/rs=AA2YrTubwlXFpkccNORkgnvC19QtaEqZ5Q:69:881)
    at Ph (https://www.gstatic.com/og/_/js/k=og.asy.en_US.VGaP3jYi96I.2019.O/rt=j/m=_ac,_awd,ada,lldp,qads/exm=/d=1/ed=1/rs=AA2YrTubwlXFpkccNORkgnvC19QtaEqZ5Q:127:680) @ https://www.gstatic.com/og/_/js/k=og.asy.en_US.VGaP3jYi96I.2019.O/rt=j/m=_ac,_awd,ada,lldp,qads/exm=/d=1/ed=1/rs=AA2YrTubwlXFpkccNORkgnvC19QtaEqZ5Q:126
[   17039ms] [ERROR] Refused to get unsafe header "X-Sg-Cs" @ https://www.google.com/search?q=map+presse&sca_esv=f8991862dc286373&rlz=1C1GCEU_frMA1091MA1092&ei=7-s6apH0AuqBi-gP6v3G4Ak&biw=1280&bih=585&gs_ssp=eJzj4tTP1Tcwz01JzlNgNGB0YPDiyk0sUCgoSi0uTgUAY6UHvg&oq=map+press&gs_lp=Egxnd3Mtd2l6LXNlcnAiCW1hcCBwcmVzcyoCCAAyCxAuGIAEGMcBGNEDMgUQABiABDIFEAAYgAQyBRAAGIAEMgUQABiABDIFEAAYgAQyBRAAGIAEMgUQABiABDIFEAAYgAQyBRAAGIAEMhoQLhiABBjHARjRAxiXBRjcBBjeBBjgBNgBAUjJMVCZDlj5G3ABeAGQAQGYAfMDoAH_CqoBCTAuMy4yLjAuMbgBAcgBAPgBAZgCB6AC0xrCAgoQABhHGNYEGLADwgINEAAYgAQYigUYQxiwA8ICCxAAGIAEGIoFGJIDwgIIEAAYgAQYkgPCAgoQABiABBiKBRhDwgINEAAYgAQYigUYQxjJA8ICBxAAGIAEGAqYAwCIBgGQBgq6BgYIARABGBSSBwkxLjMuMi44LTGgB9UmsgcFMC4zLjK4B6sHwgcHMC4yLjQuMcgHIYAIAQ&sclient=gws-wiz-serp:51
[   17039ms] [ERROR] Refused to get unsafe header "X-Sorry-Redirect" @ https://www.google.com/search?q=map+presse&sca_esv=f8991862dc286373&rlz=1C1GCEU_frMA1091MA1092&ei=7-s6apH0AuqBi-gP6v3G4Ak&biw=1280&bih=585&gs_ssp=eJzj4tTP1Tcwz01JzlNgNGB0YPDiyk0sUCgoSi0uTgUAY6UHvg&oq=map+press&gs_lp=Egxnd3Mtd2l6LXNlcnAiCW1hcCBwcmVzcyoCCAAyCxAuGIAEGMcBGNEDMgUQABiABDIFEAAYgAQyBRAAGIAEMgUQABiABDIFEAAYgAQyBRAAGIAEMgUQABiABDIFEAAYgAQyBRAAGIAEMhoQLhiABBjHARjRAxiXBRjcBBjeBBjgBNgBAUjJMVCZDlj5G3ABeAGQAQGYAfMDoAH_CqoBCTAuMy4yLjAuMbgBAcgBAPgBAZgCB6AC0xrCAgoQABhHGNYEGLADwgINEAAYgAQYigUYQxiwA8ICCxAAGIAEGIoFGJIDwgIIEAAYgAQYkgPCAgoQABiABBiKBRhDwgINEAAYgAQYigUYQxjJA8ICBxAAGIAEGAqYAwCIBgGQBgq6BgYIARABGBSSBwkxLjMuMi44LTGgB9UmsgcFMC4zLjK4B6sHwgcHMC4yLjQuMcgHIYAIAQ&sclient=gws-wiz-serp:51
[   17254ms] [ERROR] Refused to get unsafe header "X-Sg-Cs" @ https://www.google.com/search?q=map+presse&sca_esv=f8991862dc286373&rlz=1C1GCEU_frMA1091MA1092&ei=7-s6apH0AuqBi-gP6v3G4Ak&biw=1280&bih=585&gs_ssp=eJzj4tTP1Tcwz01JzlNgNGB0YPDiyk0sUCgoSi0uTgUAY6UHvg&oq=map+press&gs_lp=Egxnd3Mtd2l6LXNlcnAiCW1hcCBwcmVzcyoCCAAyCxAuGIAEGMcBGNEDMgUQABiABDIFEAAYgAQyBRAAGIAEMgUQABiABDIFEAAYgAQyBRAAGIAEMgUQABiABDIFEAAYgAQyBRAAGIAEMhoQLhiABBjHARjRAxiXBRjcBBjeBBjgBNgBAUjJMVCZDlj5G3ABeAGQAQGYAfMDoAH_CqoBCTAuMy4yLjAuMbgBAcgBAPgBAZgCB6AC0xrCAgoQABhHGNYEGLADwgINEAAYgAQYigUYQxiwA8ICCxAAGIAEGIoFGJIDwgIIEAAYgAQYkgPCAgoQABiABBiKBRhDwgINEAAYgAQYigUYQxjJA8ICBxAAGIAEGAqYAwCIBgGQBgq6BgYIARABGBSSBwkxLjMuMi44LTGgB9UmsgcFMC4zLjK4B6sHwgcHMC4yLjQuMcgHIYAIAQ&sclient=gws-wiz-serp:51
[   17255ms] [ERROR] Refused to get unsafe header "X-Sorry-Redirect" @ https://www.google.com/search?q=map+presse&sca_esv=f8991862dc286373&rlz=1C1GCEU_frMA1091MA1092&ei=7-s6apH0AuqBi-gP6v3G4Ak&biw=1280&bih=585&gs_ssp=eJzj4tTP1Tcwz01JzlNgNGB0YPDiyk0sUCgoSi0uTgUAY6UHvg&oq=map+press&gs_lp=Egxnd3Mtd2l6LXNlcnAiCW1hcCBwcmVzcyoCCAAyCxAuGIAEGMcBGNEDMgUQABiABDIFEAAYgAQyBRAAGIAEMgUQABiABDIFEAAYgAQyBRAAGIAEMgUQABiABDIFEAAYgAQyBRAAGIAEMhoQLhiABBjHARjRAxiXBRjcBBjeBBjgBNgBAUjJMVCZDlj5G3ABeAGQAQGYAfMDoAH_CqoBCTAuMy4yLjAuMbgBAcgBAPgBAZgCB6AC0xrCAgoQABhHGNYEGLADwgINEAAYgAQYigUYQxiwA8ICCxAAGIAEGIoFGJIDwgIIEAAYgAQYkgPCAgoQABiABBiKBRhDwgINEAAYgAQYigUYQxjJA8ICBxAAGIAEGAqYAwCIBgGQBgq6BgYIARABGBSSBwkxLjMuMi44LTGgB9UmsgcFMC4zLjK4B6sHwgcHMC4yLjQuMcgHIYAIAQ&sclient=gws-wiz-serp:51
[   18075ms] [ERROR] Refused to get unsafe header "X-Sg-Cs" @ https://www.google.com/search?q=map+presse&sca_esv=f8991862dc286373&rlz=1C1GCEU_frMA1091MA1092&ei=7-s6apH0AuqBi-gP6v3G4Ak&biw=1280&bih=585&gs_ssp=eJzj4tTP1Tcwz01JzlNgNGB0YPDiyk0sUCgoSi0uTgUAY6UHvg&oq=map+press&gs_lp=Egxnd3Mtd2l6LXNlcnAiCW1hcCBwcmVzcyoCCAAyCxAuGIAEGMcBGNEDMgUQABiABDIFEAAYgAQyBRAAGIAEMgUQABiABDIFEAAYgAQyBRAAGIAEMgUQABiABDIFEAAYgAQyBRAAGIAEMhoQLhiABBjHARjRAxiXBRjcBBjeBBjgBNgBAUjJMVCZDlj5G3ABeAGQAQGYAfMDoAH_CqoBCTAuMy4yLjAuMbgBAcgBAPgBAZgCB6AC0xrCAgoQABhHGNYEGLADwgINEAAYgAQYigUYQxiwA8ICCxAAGIAEGIoFGJIDwgIIEAAYgAQYkgPCAgoQABiABBiKBRhDwgINEAAYgAQYigUYQxjJA8ICBxAAGIAEGAqYAwCIBgGQBgq6BgYIARABGBSSBwkxLjMuMi44LTGgB9UmsgcFMC4zLjK4B6sHwgcHMC4yLjQuMcgHIYAIAQ&sclient=gws-wiz-serp:51
[   18075ms] [ERROR] Refused to get unsafe header "X-Sorry-Redirect" @ https://www.google.com/search?q=map+presse&sca_esv=f8991862dc286373&rlz=1C1GCEU_frMA1091MA1092&ei=7-s6apH0AuqBi-gP6v3G4Ak&biw=1280&bih=585&gs_ssp=eJzj4tTP1Tcwz01JzlNgNGB0YPDiyk0sUCgoSi0uTgUAY6UHvg&oq=map+press&gs_lp=Egxnd3Mtd2l6LXNlcnAiCW1hcCBwcmVzcyoCCAAyCxAuGIAEGMcBGNEDMgUQABiABDIFEAAYgAQyBRAAGIAEMgUQABiABDIFEAAYgAQyBRAAGIAEMgUQABiABDIFEAAYgAQyBRAAGIAEMhoQLhiABBjHARjRAxiXBRjcBBjeBBjgBNgBAUjJMVCZDlj5G3ABeAGQAQGYAfMDoAH_CqoBCTAuMy4yLjAuMbgBAcgBAPgBAZgCB6AC0xrCAgoQABhHGNYEGLADwgINEAAYgAQYigUYQxiwA8ICCxAAGIAEGIoFGJIDwgIIEAAYgAQYkgPCAgoQABiABBiKBRhDwgINEAAYgAQYigUYQxjJA8ICBxAAGIAEGAqYAwCIBgGQBgq6BgYIARABGBSSBwkxLjMuMi44LTGgB9UmsgcFMC4zLjK4B6sHwgcHMC4yLjQuMcgHIYAIAQ&sclient=gws-wiz-serp:51
[   21560ms] [WARNING] Canvas2D: Multiple readback operations using getImageData are faster with the willReadFrequently attribute set to true. See: https://html.spec.whatwg.org/multipage/canvas.html#concept-canvas-will-read-frequently @ https://www.mapexpress.ma/:26
[   21750ms] [LOG] JQMIGRATE: Migrate is installed, version 1.4.1 @ https://www.mapexpress.ma/wp-includes/js/jquery/jquery-migrate.min.js?ver=1.4.1:1
[   21752ms] [WARNING] Alpine Warning: Unable to initialize. Trying to load Alpine before `<body>` is available. Did you forget to add `defer` in Alpine's `<script>` tag? @ https://www.mapexpress.ma/wp-content/themes/map-reface/assets/js/alpine.min.js?ver=1.2.5:4
[   30022ms] [WARNING] Canvas2D: Multiple readback operations using getImageData are faster with the willReadFrequently attribute set to true. See: https://html.spec.whatwg.org/multipage/canvas.html#concept-canvas-will-read-frequently @ https://www.mapexpress.ma/:26
[   30494ms] [LOG] JQMIGRATE: Migrate is installed, version 1.4.1 @ https://www.mapexpress.ma/wp-includes/js/jquery/jquery-migrate.min.js?ver=1.4.1:1
[   30496ms] [WARNING] Alpine Warning: Unable to initialize. Trying to load Alpine before `<body>` is available. Did you forget to add `defer` in Alpine's `<script>` tag? @ https://www.mapexpress.ma/wp-content/themes/map-reface/assets/js/alpine.min.js?ver=1.2.5:4
[   30531ms] [WARNING] Alpine Expression Error: [splide] undefined is invalid.

Expression: "ticker = new Splide($refs.tickerSlider, {
        type: 'loop',
        direction: 'ttb',
        height: '100%',
        perPage: 5,
        perMove: 1,
        pagination: false,
        arrows: false,
        autoplay: false,
        speed: 600,
        wheel: false,
        drag: false,
        releaseWheel: false,
        waitForTransition: true,
        updateOnMove: true,
     }).mount()"

 JSHandle@node @ https://www.mapexpress.ma/wp-content/themes/map-reface/assets/js/alpine.min.js?ver=1.2.5:0
[   30561ms] Error: [splide] undefined is invalid.
    at bn (https://www.mapexpress.ma/wp-content/themes/map-reface/assets/js/splide.min.js?ver=1.2.5:8:2796)
    at new i (https://www.mapexpress.ma/wp-content/themes/map-reface/assets/js/splide.min.js?ver=1.2.5:8:27482)
    at [Alpine] ticker = new Splide($refs.tickerSlider, {
        type: 'loop',
        direction: 'ttb',
        height: '100%',
        perPage: 5,
        perMove: 1,
        pagination: false,
        arrows: false,
        autoplay: false,
        speed: 600,
        wheel: false,
        drag: false,
        releaseWheel: false,
        waitForTransition: true,
        updateOnMove: true,
     }).mount() (eval at <anonymous> (https://www.mapexpress.ma/wp-content/themes/map-reface/assets/js/alpine.min.js?ver=1.2.5:5:742), <anonymous>:3:41)
    at https://www.mapexpress.ma/wp-content/themes/map-reface/assets/js/alpine.min.js?ver=1.2.5:5:1157
    at ar (https://www.mapexpress.ma/wp-content/themes/map-reface/assets/js/alpine.min.js?ver=1.2.5:1:5307)
    at T (https://www.mapexpress.ma/wp-content/themes/map-reface/assets/js/alpine.min.js?ver=1.2.5:5:143)
    at https://www.mapexpress.ma/wp-content/themes/map-reface/assets/js/alpine.min.js?ver=1.2.5:5:34892
    at Function.<anonymous> (https://www.mapexpress.ma/wp-content/themes/map-reface/assets/js/alpine.min.js?ver=1.2.5:5:12503)
    at r (https://www.mapexpress.ma/wp-content/themes/map-reface/assets/js/alpine.min.js?ver=1.2.5:5:3074)
    at n (https://www.mapexpress.ma/wp-content/themes/map-reface/assets/js/alpine.min.js?ver=1.2.5:5:3104)
[   42071ms] ReferenceError: jQuery is not defined
    at https://www.map.ma/:511:1
[   42072ms] ReferenceError: jQuery is not defined
    at https://www.map.ma/:575:1
[   63282ms] [LOG] JQMIGRATE: Migrate is installed, version 3.3.2 @ https://www.map.ma/wp-includes/js/jquery/jquery-migrate.min.js?ver=3.3.2:1
[   79874ms] [WARNING] jQuery.Deferred exception: jwplayer is not defined ReferenceError: jwplayer is not defined
    at HTMLDocument.<anonymous> (https://www.map.ma/:2409:2)
    at e (https://www.map.ma/wp-includes/js/jquery/jquery.min.js?ver=3.6.0:2:30038)
    at t (https://www.map.ma/wp-includes/js/jquery/jquery.min.js?ver=3.6.0:2:30340) undefined @ https://www.map.ma/wp-includes/js/jquery/jquery.min.js?ver=3.6.0:1
[   79926ms] ReferenceError: jwplayer is not defined
    at HTMLDocument.<anonymous> (https://www.map.ma/:2409:2)
    at e (https://www.map.ma/wp-includes/js/jquery/jquery.min.js?ver=3.6.0:2:30038)
    at t (https://www.map.ma/wp-includes/js/jquery/jquery.min.js?ver=3.6.0:2:30340)
[  150204ms] [LOG] //www.map.ma/wp-content/uploads/activitesl355578777-9.jpg  Could not be loaded ! @ https://www.map.ma/wp-content/plugins/revslider/public/assets/js/rs6.min.js?ver=6.5.15:35
[  184345ms] [LOG] //www.map.ma/wp-content/uploads/map-afp.jpg  Could not be loaded ! @ https://www.map.ma/wp-content/plugins/revslider/public/assets/js/rs6.min.js?ver=6.5.15:35
[  208920ms] [LOG] //www.map.ma/wp-content/uploads/image-20250529-145253-115-2.jpeg  Could not be loaded ! @ https://www.map.ma/wp-content/plugins/revslider/public/assets/js/rs6.min.js?ver=6.5.15:35
[  233498ms] [LOG] //www.map.ma/wp-content/uploads/6u1a3561.jpg  Could not be loaded ! @ https://www.map.ma/wp-content/plugins/revslider/public/assets/js/rs6.min.js?ver=6.5.15:35
[  258073ms] [LOG] //www.map.ma/wp-content/uploads/whatsapp-image-2024-12-27-at-171251.jpeg  Could not be loaded ! @ https://www.map.ma/wp-content/plugins/revslider/public/assets/js/rs6.min.js?ver=6.5.15:35
[  282653ms] [LOG] //www.map.ma/wp-content/uploads/0y7a36982-1536x1024.jpg  Could not be loaded ! @ https://www.map.ma/wp-content/plugins/revslider/public/assets/js/rs6.min.js?ver=6.5.15:35
[  317607ms] [LOG] //www.map.ma/wp-content/uploads/dsc08822-e1732642436306.jpg  Could not be loaded ! @ https://www.map.ma/wp-content/plugins/revslider/public/assets/js/rs6.min.js?ver=6.5.15:35
[  790295ms] [ERROR] Failed to load resource: net::ERR_CONNECTION_RESET @ https://www.map.ma/wp-content/uploads/6u1a3561.jpg:0
[  790296ms] [ERROR] Failed to load resource: net::ERR_CONNECTION_RESET @ https://www.map.ma/wp-content/uploads/activitesl355578777-9.jpg:0
[  790299ms] [ERROR] Failed to load resource: net::ERR_CONNECTION_RESET @ https://www.map.ma/wp-content/uploads/activitesl355578777-15.jpeg:0
[  790304ms] [ERROR] Failed to load resource: net::ERR_CONNECTION_RESET @ https://www.map.ma/wp-content/uploads/activitesl355578777-6-2.jpeg:0
[  799815ms] [ERROR] Failed to load resource: net::ERR_QUIC_PROTOCOL_ERROR @ https://www.map.ma/wp-content/uploads/activitesl355578777.jpg:0
[  800821ms] [ERROR] Failed to load resource: net::ERR_QUIC_PROTOCOL_ERROR @ https://www.map.ma/wp-content/uploads/activitesl355578777.jpeg:0
[ 1715811ms] [ERROR] Failed to load resource: net::ERR_CONNECTION_RESET @ https://www.map.ma/wp-content/uploads/activitesl355578777.jpeg:0
[ 1715812ms] [ERROR] Failed to load resource: net::ERR_CONNECTION_RESET @ https://www.map.ma/wp-content/uploads/activitesl355578777-6-2.jpeg:0
[ 1715812ms] [ERROR] Failed to load resource: net::ERR_CONNECTION_RESET @ https://www.map.ma/wp-content/uploads/activitesl355578777-15.jpeg:0
[ 1715813ms] [ERROR] Failed to load resource: net::ERR_CONNECTION_RESET @ https://www.map.ma/wp-content/uploads/activitesl355578777-9.jpg:0
[ 1715820ms] [ERROR] Failed to load resource: net::ERR_CONNECTION_RESET @ https://www.map.ma/wp-content/uploads/activitesl355578777.jpg:0
[ 1799531ms] ReferenceError: jQuery is not defined
    at https://www.map.ma/appels-doffres/:508:1
[ 1799531ms] ReferenceError: jQuery is not defined
    at https://www.map.ma/appels-doffres/:572:1
[ 1799743ms] [LOG] JQMIGRATE: Migrate is installed, version 3.3.2 @ https://www.map.ma/wp-includes/js/jquery/jquery-migrate.min.js?ver=3.3.2:1
[ 1800096ms] [WARNING] jQuery.Deferred exception: jwplayer is not defined ReferenceError: jwplayer is not defined
    at HTMLDocument.<anonymous> (https://www.map.ma/appels-doffres/:1756:2)
    at e (https://www.map.ma/wp-includes/js/jquery/jquery.min.js?ver=3.6.0:2:30038)
    at https://www.map.ma/wp-includes/js/jquery/jquery.min.js?ver=3.6.0:2:30340 undefined @ https://www.map.ma/wp-includes/js/jquery/jquery.min.js?ver=3.6.0:1
[ 1800184ms] ReferenceError: jwplayer is not defined
    at HTMLDocument.<anonymous> (https://www.map.ma/appels-doffres/:1756:2)
    at e (https://www.map.ma/wp-includes/js/jquery/jquery.min.js?ver=3.6.0:2:30038)
    at https://www.map.ma/wp-includes/js/jquery/jquery.min.js?ver=3.6.0:2:30340
[ 1861968ms] [ERROR] Failed to load resource: net::ERR_QUIC_PROTOCOL_ERROR @ https://www.map.ma/wp-content/uploads/activitesl355578777-6-2.jpeg:0
[ 1861980ms] [ERROR] Failed to load resource: net::ERR_QUIC_PROTOCOL_ERROR @ https://www.map.ma/wp-content/uploads/activitesl355578777-15.jpeg:0
[ 1907015ms] ReferenceError: jQuery is not defined
    at https://www.map.ma/appels-doffres/:508:1
[ 1907015ms] ReferenceError: jQuery is not defined
    at https://www.map.ma/appels-doffres/:572:1
[ 1907147ms] [LOG] JQMIGRATE: Migrate is installed, version 3.3.2 @ https://www.map.ma/wp-includes/js/jquery/jquery-migrate.min.js?ver=3.3.2:1
[ 1907237ms] [WARNING] jQuery.Deferred exception: jwplayer is not defined ReferenceError: jwplayer is not defined
    at HTMLDocument.<anonymous> (https://www.map.ma/appels-doffres/:1756:2)
    at e (https://www.map.ma/wp-includes/js/jquery/jquery.min.js?ver=3.6.0:2:30038)
    at https://www.map.ma/wp-includes/js/jquery/jquery.min.js?ver=3.6.0:2:30340 undefined @ https://www.map.ma/wp-includes/js/jquery/jquery.min.js?ver=3.6.0:1
[ 1907254ms] ReferenceError: jwplayer is not defined
    at HTMLDocument.<anonymous> (https://www.map.ma/appels-doffres/:1756:2)
    at e (https://www.map.ma/wp-includes/js/jquery/jquery.min.js?ver=3.6.0:2:30038)
    at https://www.map.ma/wp-includes/js/jquery/jquery.min.js?ver=3.6.0:2:30340
[ 1923375ms] ReferenceError: jQuery is not defined
    at https://www.map.ma/marrakech-remise-des-grands-prix-de-la-faapa-aux-laureats-de-ledition-2025/:505:1
[ 1923375ms] ReferenceError: jQuery is not defined
    at https://www.map.ma/marrakech-remise-des-grands-prix-de-la-faapa-aux-laureats-de-ledition-2025/:569:1
[ 1923568ms] [LOG] JQMIGRATE: Migrate is installed, version 3.3.2 @ https://www.map.ma/wp-includes/js/jquery/jquery-migrate.min.js?ver=3.3.2:1
[ 1923831ms] [WARNING] jQuery.Deferred exception: jwplayer is not defined ReferenceError: jwplayer is not defined
    at HTMLDocument.<anonymous> (https://www.map.ma/marrakech-remise-des-grands-prix-de-la-faapa-aux-laureats-de-ledition-2025/:1896:2)
    at e (https://www.map.ma/wp-includes/js/jquery/jquery.min.js?ver=3.6.0:2:30038)
    at https://www.map.ma/wp-includes/js/jquery/jquery.min.js?ver=3.6.0:2:30340 undefined @ https://www.map.ma/wp-includes/js/jquery/jquery.min.js?ver=3.6.0:1
[ 1923837ms] ReferenceError: jwplayer is not defined
    at HTMLDocument.<anonymous> (https://www.map.ma/marrakech-remise-des-grands-prix-de-la-faapa-aux-laureats-de-ledition-2025/:1896:2)
    at e (https://www.map.ma/wp-includes/js/jquery/jquery.min.js?ver=3.6.0:2:30038)
    at https://www.map.ma/wp-includes/js/jquery/jquery.min.js?ver=3.6.0:2:30340
[ 1985554ms] [ERROR] Failed to load resource: net::ERR_QUIC_PROTOCOL_ERROR @ https://www.map.ma/wp-content/uploads/activitesl355578777-15.jpeg:0
[ 1985556ms] [ERROR] Failed to load resource: net::ERR_QUIC_PROTOCOL_ERROR @ https://www.map.ma/wp-content/uploads/activitesl355578777-6-2.jpeg:0
[ 2075709ms] [WARNING] The resource https://www.map.ma/wp-content/themes/hub/assets/vendors/liquid-icon/lqd-essentials/fonts/lqd-essentials.woff2 was preloaded using link preload but not used within a few seconds from the window's load event. Please make sure it has an appropriate `as` value and it is preloaded intentionally. @ https://www.map.ma/marrakech-remise-des-grands-prix-de-la-faapa-aux-laureats-de-ledition-2025/:0
