[   24670ms] [ERROR] Refused to get unsafe header "X-Sg-Cs" @ https://www.google.com/search?q=convert+markdown+to+word&rlz=1C1GCEU_frMA1091MA1092&oq=transfer+markdown+to+word&gs_lcrp=EgZjaHJvbWUqCAgCEAAYFhgeMgYIABBFGDkyCggBEAAYChgWGB4yCAgCEAAYFhgeMggIAxAAGBYYHjIICAQQABgWGB4yCAgFEAAYFhgeMggIBhAAGBYYHjIICAcQABgWGB4yCAgIEAAYFhgeMggICRAAGBYYHtIBCTE5MDcxajBqN6gCALACAA&sourceid=chrome&ie=UTF-8:52
[   24682ms] [ERROR] Refused to get unsafe header "X-Sorry-Redirect" @ https://www.google.com/search?q=convert+markdown+to+word&rlz=1C1GCEU_frMA1091MA1092&oq=transfer+markdown+to+word&gs_lcrp=EgZjaHJvbWUqCAgCEAAYFhgeMgYIABBFGDkyCggBEAAYChgWGB4yCAgCEAAYFhgeMggIAxAAGBYYHjIICAQQABgWGB4yCAgFEAAYFhgeMggIBhAAGBYYHjIICAcQABgWGB4yCAgIEAAYFhgeMggICRAAGBYYHtIBCTE5MDcxajBqN6gCALACAA&sourceid=chrome&ie=UTF-8:52
[   37153ms] [WARNING] AdSense head tag doesn't support data-nscript attribute. @ https://pagead2.googlesyndication.com/pagead/js/adsbygoogle.js?client=ca-pub-9610460061003462:218
[   48142ms] [ERROR] Failed to load resource: the server responded with a status of 404 () @ https://markdowntoword.io/images/ui-upload-editeur.png:0
[   48220ms] [ERROR] Failed to load resource: the server responded with a status of 404 () @ https://markdowntoword.io/images/ui-catalogue-fr.png:0
[   48324ms] [ERROR] Failed to load resource: the server responded with a status of 404 () @ https://markdowntoword.io/images/ui-catalogue-ar-rtl.png:0
[   66244ms] [ERROR] Attestation check for Shared Storage on https://www.googleadservices.com failed. @ https://www.googleadservices.com/pagead/managed/js/activeview/current/reach_worklet.html:0
[   66277ms] [ERROR] Attestation check for Shared Storage on https://www.googleadservices.com failed. @ https://www.googleadservices.com/pagead/managed/js/activeview/current/reach_worklet.html:0
[   93790ms] [ERROR] Framing 'https://www.google.com/' violates the following report-only Content Security Policy directive: "frame-ancestors 'self'". The violation has been logged, but no further action has been taken.
 @ :0
[  563184ms] [ERROR] Refused to get unsafe header "X-Sg-Cs" @ https://www.google.com/search?q=convert+markdown+to+word&rlz=1C1GCEU_frMA1091MA1092&oq=transfer+markdown+to+word&gs_lcrp=EgZjaHJvbWUqCAgCEAAYFhgeMgYIABBFGDkyCggBEAAYChgWGB4yCAgCEAAYFhgeMggIAxAAGBYYHjIICAQQABgWGB4yCAgFEAAYFhgeMggIBhAAGBYYHjIICAcQABgWGB4yCAgIEAAYFhgeMggICRAAGBYYHtIBCTE5MDcxajBqN6gCALACAA&sourceid=chrome&ie=UTF-8:52
[  563184ms] [ERROR] Refused to get unsafe header "X-Sorry-Redirect" @ https://www.google.com/search?q=convert+markdown+to+word&rlz=1C1GCEU_frMA1091MA1092&oq=transfer+markdown+to+word&gs_lcrp=EgZjaHJvbWUqCAgCEAAYFhgeMgYIABBFGDkyCggBEAAYChgWGB4yCAgCEAAYFhgeMggIAxAAGBYYHjIICAQQABgWGB4yCAgFEAAYFhgeMggIBhAAGBYYHjIICAcQABgWGB4yCAgIEAAYFhgeMggICRAAGBYYHtIBCTE5MDcxajBqN6gCALACAA&sourceid=chrome&ie=UTF-8:52
[  564459ms] [ERROR] Refused to get unsafe header "X-Sg-Cs" @ https://www.google.com/search?q=convert+markdown+to+word&rlz=1C1GCEU_frMA1091MA1092&oq=transfer+markdown+to+word&gs_lcrp=EgZjaHJvbWUqCAgCEAAYFhgeMgYIABBFGDkyCggBEAAYChgWGB4yCAgCEAAYFhgeMggIAxAAGBYYHjIICAQQABgWGB4yCAgFEAAYFhgeMggIBhAAGBYYHjIICAcQABgWGB4yCAgIEAAYFhgeMggICRAAGBYYHtIBCTE5MDcxajBqN6gCALACAA&sourceid=chrome&ie=UTF-8:52
[  564459ms] [ERROR] Refused to get unsafe header "X-Sorry-Redirect" @ https://www.google.com/search?q=convert+markdown+to+word&rlz=1C1GCEU_frMA1091MA1092&oq=transfer+markdown+to+word&gs_lcrp=EgZjaHJvbWUqCAgCEAAYFhgeMgYIABBFGDkyCggBEAAYChgWGB4yCAgCEAAYFhgeMggIAxAAGBYYHjIICAQQABgWGB4yCAgFEAAYFhgeMggIBhAAGBYYHjIICAcQABgWGB4yCAgIEAAYFhgeMggICRAAGBYYHtIBCTE5MDcxajBqN6gCALACAA&sourceid=chrome&ie=UTF-8:52
[  568190ms] [ERROR] Refused to get unsafe header "X-Sg-Cs" @ https://www.google.com/search?q=convert+markdown+to+word&rlz=1C1GCEU_frMA1091MA1092&oq=transfer+markdown+to+word&gs_lcrp=EgZjaHJvbWUqCAgCEAAYFhgeMgYIABBFGDkyCggBEAAYChgWGB4yCAgCEAAYFhgeMggIAxAAGBYYHjIICAQQABgWGB4yCAgFEAAYFhgeMggIBhAAGBYYHjIICAcQABgWGB4yCAgIEAAYFhgeMggICRAAGBYYHtIBCTE5MDcxajBqN6gCALACAA&sourceid=chrome&ie=UTF-8:52
[  568190ms] [ERROR] Refused to get unsafe header "X-Sorry-Redirect" @ https://www.google.com/search?q=convert+markdown+to+word&rlz=1C1GCEU_frMA1091MA1092&oq=transfer+markdown+to+word&gs_lcrp=EgZjaHJvbWUqCAgCEAAYFhgeMgYIABBFGDkyCggBEAAYChgWGB4yCAgCEAAYFhgeMggIAxAAGBYYHjIICAQQABgWGB4yCAgFEAAYFhgeMggIBhAAGBYYHjIICAcQABgWGB4yCAgIEAAYFhgeMggICRAAGBYYHtIBCTE5MDcxajBqN6gCALACAA&sourceid=chrome&ie=UTF-8:52
[  568988ms] [WARNING] Failed to execute 'postMessage' on 'DOMWindow': The target origin provided ('https://www.youtube.com') does not match the recipient window's origin ('https://www.google.com'). @ https://www.youtube.com/s/player/1cf32b49/www-widgetapi.vflset/www-widgetapi.js:162
[  569237ms] [WARNING] Failed to execute 'postMessage' on 'DOMWindow': The target origin provided ('https://www.youtube.com') does not match the recipient window's origin ('https://www.google.com'). @ https://www.youtube.com/s/player/1cf32b49/www-widgetapi.vflset/www-widgetapi.js:162
[  598719ms] [ERROR] Attestation check for Shared Storage on https://www.googleadservices.com failed. @ https://www.googleadservices.com/pagead/managed/js/activeview/current/reach_worklet.html:0
[  598809ms] [ERROR] Attestation check for Shared Storage on https://www.googleadservices.com failed. @ https://www.googleadservices.com/pagead/managed/js/activeview/current/reach_worklet.html:0
